 Using provided file ../tests/data/ddcosmo_force_fmm.in as a config file
mkrhs time: 1.0585E-02 seconds
ddsolve time: 1.9859E-01 seconds
ddsolve esolv: -1.8628555867259951E-004
 Full forces
     1  3.5705579074454029E-009  9.8161287141866739E-006  6.6400794278435103E-006
     2  3.5705579074306464E-009  9.8161287141866637E-006 -6.6400794278435061E-006
     3  6.5074917655061729E-021 -4.2022733984782038E-023 -9.9878099785005709E-006
     4 -3.5705579074413742E-009 -9.8161287141866807E-006 -6.6400794278435129E-006
     5 -3.5705579074388703E-009 -9.8161287141866976E-006  6.6400794278435146E-006
     6  3.3196180484252407E-021 -1.0608912177993158E-021  9.9878099785005964E-006
     7 -5.1541680823504638E-009 -1.2794269981439226E-005 -7.3300022985690535E-006
     8 -5.1541680823504754E-009 -1.2794269981439236E-005  7.3300022985690458E-006
     9 -6.9472356420265030E-023  3.5758466780877958E-021  1.4813535439030345E-005
    10  5.1541680823502314E-009  1.2794269981439230E-005  7.3300022985690399E-006
    11  5.1541680823509601E-009  1.2794269981439230E-005 -7.3300022985690509E-006
    12  2.1752319998431549E-022 -4.0825669662735161E-022 -1.4813535439030352E-005
