 Using provided file ../tests/data/ddpcm_force_fmm.in as a config file
mkrhs time: 9.9550E-03 seconds
ddsolve time: 4.6779E-01 seconds
ddsolve esolv: -1.7974013712984178E-004
 Full forces
     1  3.5183990823008846E-009  1.1275703611421737E-005  5.0328483106444900E-006
     2  3.5183990821928763E-009  1.1275703611421761E-005 -5.0328483106445104E-006
     3 -1.1746398344638896E-019 -1.5253454073801846E-020 -1.2378811472579764E-005
     4 -3.5183990820914780E-009 -1.1275703611421757E-005 -5.0328483106445121E-006
     5 -3.5183990819739290E-009 -1.1275703611421764E-005  5.0328483106444892E-006
     6 -2.8269124554634871E-019  8.4593913117514543E-021  1.2378811472579792E-005
     7 -4.9461915004768456E-009 -1.2439161462118743E-005 -7.1078808420645150E-006
     8 -4.9461915004767157E-009 -1.2439161462118744E-005  7.1078808420645006E-006
     9 -6.9779879053998397E-021  5.3074464425653005E-021  1.4376717119412496E-005
    10  4.9461915004680485E-009  1.2439161462118765E-005  7.1078808420645040E-006
    11  4.9461915004679426E-009  1.2439161462118765E-005 -7.1078808420645032E-006
    12 -2.0205380608822733E-021 -1.4299794681478375E-021 -1.4376717119412485E-005
